\BOOKMARK [0][-]{chapter.1}{\376\377\000I\000n\000t\000r\000o\000d\000u\000c\000t\000i\000o\000n}{}% 1
\BOOKMARK [1][-]{section.1.1}{\376\377\000A\000i\000m\000s\000\040\000a\000n\000d\000\040\000O\000b\000j\000e\000c\000t\000i\000v\000e\000s}{chapter.1}% 2
\BOOKMARK [2][-]{subsection.1.1.1}{\376\377\000R\000e\000s\000e\000a\000r\000c\000h\000\040\000Q\000u\000e\000s\000t\000i\000o\000n\000s}{section.1.1}% 3
\BOOKMARK [1][-]{section.1.2}{\376\377\000K\000e\000y\000\040\000C\000o\000n\000t\000r\000i\000b\000u\000t\000i\000o\000n\000s}{chapter.1}% 4
\BOOKMARK [1][-]{section.1.3}{\376\377\000O\000v\000e\000r\000v\000i\000e\000w\000\040\000o\000f\000\040\000t\000h\000e\000\040\000R\000e\000p\000o\000r\000t}{chapter.1}% 5
\BOOKMARK [0][-]{chapter.2}{\376\377\000L\000i\000t\000e\000r\000a\000t\000u\000r\000e\000\040\000S\000u\000r\000v\000e\000y}{}% 6
\BOOKMARK [1][-]{section.2.1}{\376\377\000P\000s\000y\000c\000h\000o\000s\000o\000c\000i\000a\000l\000\040\000p\000a\000r\000a\000d\000i\000g\000m\000s\000:\000\040\000T\000h\000e\000o\000r\000e\000t\000i\000c\000a\000l\000\040\000F\000o\000u\000n\000d\000a\000t\000i\000o\000n\000s}{chapter.2}% 7
\BOOKMARK [2][-]{subsection.2.1.1}{\376\377\000R\000o\000g\000e\000r\000i\000a\000n\000\040\000P\000e\000r\000s\000o\000n\000\040\000C\000e\000n\000t\000e\000r\000e\000d\000\040\000T\000h\000e\000r\000a\000p\000y\000\040\000\050\000P\000C\000T\000\051}{section.2.1}% 8
\BOOKMARK [2][-]{subsection.2.1.2}{\376\377\000G\000o\000f\000f\000m\000a\000n\040\031\000s\000\040\000t\000h\000e\000o\000r\000y\000\040\000o\000f\000\040\000f\000a\000c\000e\000\040\000\050\000T\000o\000F\000\051}{section.2.1}% 9
\BOOKMARK [2][-]{subsection.2.1.3}{\376\377\000R\000o\000k\000e\000a\000c\000h\000\040\000V\000a\000l\000u\000e\000\040\000S\000u\000r\000v\000e\000y\000\040\000\050\000R\000V\000S\000\051}{section.2.1}% 10
\BOOKMARK [1][-]{section.2.2}{\376\377\000C\000o\000n\000t\000e\000m\000p\000o\000r\000a\000r\000y\000\040\000N\000L\000P\000\040\000r\000e\000s\000e\000a\000r\000c\000h}{chapter.2}% 11
\BOOKMARK [2][-]{subsection.2.2.1}{\376\377\000L\000L\000M\040\021\000a\000s\040\021\000j\000u\000d\000g\000e\000\040\000p\000a\000r\000a\000d\000i\000g\000m}{section.2.2}% 12
\BOOKMARK [1][-]{section.2.3}{\376\377\000G\000a\000p\000s\000\040\000i\000n\000\040\000t\000h\000e\000\040\000L\000i\000t\000e\000r\000a\000t\000u\000r\000e\000\040\000a\000n\000d\000\040\000O\000p\000e\000n\000\040\000C\000h\000a\000l\000l\000e\000n\000g\000e\000s}{chapter.2}% 13
\BOOKMARK [0][-]{chapter.3}{\376\377\000D\000e\000e\000p\000R\000e\000f\000l\000e\000c\000t\000:\000\040\000S\000y\000s\000t\000e\000m\000\040\000D\000e\000s\000i\000g\000n}{}% 14
\BOOKMARK [1][-]{section.3.1}{\376\377\000D\000a\000t\000a\000s\000e\000t}{chapter.3}% 15
\BOOKMARK [2][-]{subsection.3.1.1}{\376\377\000S\000u\000b\000r\000e\000d\000d\000i\000t\000\040\000S\000e\000l\000e\000c\000t\000i\000o\000n}{section.3.1}% 16
\BOOKMARK [1][-]{section.3.2}{\376\377\000D\000e\000e\000p\000R\000e\000f\000l\000e\000c\000t}{chapter.3}% 17
\BOOKMARK [2][-]{subsection.3.2.1}{\376\377\000S\000y\000s\000t\000e\000m\000\040\000D\000e\000s\000i\000g\000n}{section.3.2}% 18
\BOOKMARK [0][-]{chapter.4}{\376\377\000M\000e\000t\000h\000o\000d\000s}{}% 19
\BOOKMARK [1][-]{section.4.1}{\376\377\000D\000a\000t\000a\000\040\000p\000r\000e\000p\000r\000o\000c\000e\000s\000s\000i\000n\000g}{chapter.4}% 20
\BOOKMARK [1][-]{section.4.2}{\376\377\000P\000r\000o\000c\000e\000d\000u\000r\000e\000s}{chapter.4}% 21
\BOOKMARK [1][-]{section.4.3}{\376\377\000E\000x\000p\000e\000r\000i\000m\000e\000n\000t\000s}{chapter.4}% 22
\BOOKMARK [2][-]{subsection.4.3.1}{\376\377\000E\000x\000p\000e\000r\000i\000m\000e\000n\000t\000\040\0001}{section.4.3}% 23
\BOOKMARK [2][-]{subsection.4.3.2}{\376\377\000E\000x\000p\000e\000r\000i\000m\000e\000n\000t\000\040\0002}{section.4.3}% 24
\BOOKMARK [2][-]{subsection.4.3.3}{\376\377\000S\000t\000a\000t\000i\000s\000t\000i\000c\000a\000l\000\040\000M\000e\000t\000h\000o\000d\000s}{section.4.3}% 25
\BOOKMARK [1][-]{section.4.4}{\376\377\000C\000o\000T\000\040\000G\000e\000n\000e\000r\000a\000t\000i\000o\000n\000\040\000E\000v\000a\000l\000u\000a\000t\000i\000o\000n}{chapter.4}% 26
\BOOKMARK [1][-]{section.4.5}{\376\377\000C\000o\000n\000s\000t\000r\000u\000c\000t\000\040\000V\000a\000l\000i\000d\000i\000t\000y\000\040\000a\000n\000d\000\040\000E\000v\000a\000l\000u\000a\000t\000i\000o\000n\000\040\000M\000e\000t\000r\000i\000c\000s}{chapter.4}% 27
\BOOKMARK [0][-]{chapter.5}{\376\377\000R\000e\000s\000u\000l\000t\000s\000\040\000a\000n\000d\000\040\000A\000n\000a\000l\000y\000s\000i\000s}{}% 28
\BOOKMARK [1][-]{section.5.1}{\376\377\000L\000L\000M\040\021\000a\000s\040\021\000j\000u\000d\000g\000e\000\040\000A\000n\000n\000o\000t\000a\000t\000i\000o\000n\000\040\000R\000e\000l\000i\000a\000b\000i\000l\000i\000t\000y}{chapter.5}% 29
\BOOKMARK [1][-]{section.5.2}{\376\377\000"\000S\000y\000c\000o\000p\000h\000a\000n\000c\000y\000"\000\040\000o\000r\000\040\000"\000E\000m\000p\000a\000t\000h\000y\000"\000\040\000?}{chapter.5}% 30
\BOOKMARK [2][-]{subsection.5.2.1}{\376\377\000D\000u\000a\000l\000\040\000C\000o\000d\000i\000n\000g\000\040\000o\000f\000\040\000r\000e\000s\000p\000o\000n\000s\000e\000s\000\040\000a\000s\000\040\000"\000E\000m\000p\000a\000t\000h\000i\000c\000"\000\040\000a\000n\000d\000\040\000"\000S\000y\000c\000o\000p\000h\000a\000n\000t\000i\000c\000"}{section.5.2}% 31
\BOOKMARK [2][-]{subsection.5.2.2}{\376\377\000T\000r\000e\000n\000d\000s\000\040\000w\000i\000t\000h\000i\000n\000\040\000h\000u\000m\000a\000n\000\040\000a\000u\000t\000h\000o\000r\000e\000d\000\040\000r\000e\000s\000p\000o\000n\000s\000e\000s}{section.5.2}% 32
\BOOKMARK [2][-]{subsection.5.2.3}{\376\377\000S\000t\000r\000e\000n\000g\000t\000h\000\040\000o\000f\000\040\000a\000s\000s\000o\000c\000i\000a\000t\000i\000o\000n\000\040\000v\000a\000r\000i\000e\000s\000\040\000b\000y\000\040\000m\000o\000d\000e\000l}{section.5.2}% 33
\BOOKMARK [1][-]{section.5.3}{\376\377\000S\000o\000c\000i\000a\000l\000\040\000V\000e\000r\000d\000i\000c\000t\000s\000\040\000i\000n\000\040\000r\000/\000a\000i\000t\000a\000h}{chapter.5}% 34
\BOOKMARK [1][-]{section.5.4}{\376\377\000G\000e\000n\000e\000r\000a\000t\000i\000o\000n\000s\000\040\000w\000i\000t\000h\000\040\000C\000o\000T}{chapter.5}% 35
\BOOKMARK [2][-]{subsection.5.4.1}{\376\377\000S\000h\000i\000f\000t\000\040\000i\000n\000\040\000L\000L\000M\000\040\000"\000j\000u\000d\000g\000m\000e\000n\000t\000s\000"\000\040\000w\000i\000t\000h\000\040\000C\000o\000T}{section.5.4}% 36
\BOOKMARK [2][-]{subsection.5.4.2}{\376\377\000D\000e\000o\000n\000t\000i\000c\000\040\000p\000h\000r\000a\000s\000i\000n\000g\000\040\000a\000f\000t\000e\000r\000\040\000C\000o\000T}{section.5.4}% 37
\BOOKMARK [1][-]{section.5.5}{\376\377\000F\000r\000a\000m\000e\000w\000o\000r\000k\000\040\000E\000x\000t\000e\000n\000s\000i\000b\000i\000l\000i\000t\000y\000\040\000-\000\040\000R\000V\000S}{chapter.5}% 38
\BOOKMARK [2][-]{subsection.5.5.1}{\376\377\000A\000n\000a\000l\000y\000s\000i\000s\000\040\000o\000f\000\040\000R\000V\000S\000\040\000p\000a\000r\000a\000d\000i\000g\000m\000\040\000a\000n\000n\000o\000t\000a\000t\000i\000o\000n\000s}{section.5.5}% 39
\BOOKMARK [0][-]{chapter.6}{\376\377\000C\000o\000n\000c\000l\000u\000s\000i\000o\000n}{}% 40
\BOOKMARK [1][-]{section.6.1}{\376\377\000L\000i\000m\000i\000t\000a\000t\000i\000o\000n\000s}{chapter.6}% 41
\BOOKMARK [1][-]{section.6.2}{\376\377\000S\000u\000m\000m\000a\000r\000y\000\040\000o\000f\000\040\000K\000e\000y\000\040\000R\000e\000s\000u\000l\000t\000s}{chapter.6}% 42
\BOOKMARK [1][-]{section.6.3}{\376\377\000C\000o\000n\000c\000l\000u\000s\000i\000o\000n}{chapter.6}% 43
\BOOKMARK [0][-]{section*.41}{\376\377\000A\000p\000p\000e\000n\000d\000i\000c\000e\000s}{}% 44
\BOOKMARK [0][-]{appendix.1.A}{\376\377\000A\000p\000p\000e\000n\000d\000i\000x\000\040\000A}{}% 45
\BOOKMARK [1][-]{section.1.A.1}{\376\377\000A\000n\000n\000o\000t\000a\000t\000i\000o\000n\000\040\000P\000r\000o\000m\000p\000t\000s\000\040\000a\000n\000d\000\040\000T\000r\000a\000i\000t\000s}{appendix.1.A}% 46
\BOOKMARK [1][-]{section.1.A.2}{\376\377\000R\000e\000s\000p\000o\000n\000s\000e\000\040\000G\000e\000n\000e\000r\000a\000t\000i\000o\000n\000\040\000P\000r\000o\000m\000p\000t\000s}{appendix.1.A}% 47
\BOOKMARK [2][-]{subsection.1.A.2.1}{\376\377\000B\000a\000s\000i\000c\000\040\000R\000e\000s\000p\000o\000n\000s\000e\000\040\000G\000e\000n\000e\000r\000a\000t\000i\000o\000n\000\040\000T\000e\000m\000p\000l\000a\000t\000e}{section.1.A.2}% 48
\BOOKMARK [0][-]{appendix.1.B}{\376\377\000C\000h\000i\000-\000s\000q\000u\000a\000r\000e\000\040\000t\000e\000s\000t\000\040\000r\000e\000p\000o\000r\000t\000s}{}% 49
\BOOKMARK [1][-]{section.1.B.1}{\376\377\000A\000I\000T\000A\000H\000\040\000h\000u\000m\000a\000n\000-\000a\000u\000t\000h\000o\000r\000e\000d}{appendix.1.B}% 50
\BOOKMARK [1][-]{section.1.B.2}{\376\377\000A\000I\000T\000A\000H\000\040\000L\000L\000M\000-\000a\000u\000t\000h\000o\000r\000e\000d}{appendix.1.B}% 51
\BOOKMARK [1][-]{section.1.B.3}{\376\377\000A\000n\000x\000i\000e\000t\000y\000\040\000h\000u\000m\000a\000n\000-\000a\000u\000t\000h\000o\000r\000e\000d}{appendix.1.B}% 52
\BOOKMARK [1][-]{section.1.B.4}{\376\377\000A\000n\000x\000i\000e\000t\000y\000\040\000L\000L\000M\000-\000a\000u\000t\000h\000o\000r\000e\000d}{appendix.1.B}% 53
